// Jest Snapshot v1, https://goo.gl/fbAQLP

exports[`Optimizate:  slots 1`] = `"const el = createVNode(\\"p\\");"`;
