// Jest Snapshot v1, https://goo.gl/fbAQLP

exports[`Slots Default slot 1`] = `"const el = createVNode(Comp, null, slots);"`;
