// Jest Snapshot v1, https://goo.gl/fbAQLP

exports[`v-html works 1`] = `
"createVNode(\\"p\\", {
  \\"innerHTML\\": refVal.value
});"
`;
