// Jest Snapshot v1, https://goo.gl/fbAQLP

exports[`v-text works 1`] = `
"createVNode(\\"p\\", {
  \\"textContent\\": refVal.value
}, null);"
`;
